// Jest Snapshot v1, https://goo.gl/fbAQLP

exports[`Main page 1`] = `
<section>
  <h1>
    MainPage 1
  </h1>
  <a
    href="/admin"
    onClick={[Function]}
  >
    admin2
  </a>
  <ul>
    0
  </ul>
</section>
`;
